
> temp-init@0.1.0 test
> jest src/application/services/__tests__/purchase-price-history.test.ts

node.exe : FAIL src/application/services/__tests__/purcha
se-price-history.test.ts
At line:1 char:1
+ & "C:\nvm4w\nodejs/node.exe" 
"C:\nvm4w\nodejs/node_modules/npm/bin/np ...
+ ~~~~~~~~~~~~~~~~~~~~~~~~~~~~~~~~~~~~~~~~~~~~~~~~~~~~~~~
~~~~~~~~~~~~~~
    + CategoryInfo          : NotSpecified: (FAIL src/ap 
   plic...history.test.ts:String) [], RemoteException
    + FullyQualifiedErrorId : NativeCommandError
 
  ΓùÅ Test suite failed to run

    Jest encountered an unexpected token

    Jest failed to parse a file. This happens e.g. when 
your code or its dependencies use non-standard 
JavaScript syntax, or when Jest is not configured to 
support such syntax.

    Out of the box Jest supports Babel, which will be 
used to transform your files into valid JS based on your 
Babel configuration.

    By default "node_modules" folder is ignored by 
transformers.

    Here's what you can do:
     ΓÇó If you are trying to use ECMAScript Modules, 
see https://jestjs.io/docs/ecmascript-modules for how to 
enable it.
     ΓÇó If you are trying to use TypeScript, see 
https://jestjs.io/docs/getting-started#using-typescript
     ΓÇó To have some of your "node_modules" files 
transformed, you can specify a custom 
"transformIgnorePatterns" in your config.
     ΓÇó If you need a custom transformation, specify a 
"transform" option in your config.
     ΓÇó If you simply want to mock your non-JS modules 
(e.g. binary assets) you can stub them out with the 
"moduleNameMapper" config option.

    You'll find more details and examples of these 
config options in the docs:
    https://jestjs.io/docs/configuration
    For information about custom transformations, see:
    https://jestjs.io/docs/code-transformation

    Details:

    D:\Dev\Antigravity\web-kyber-life\node_modules\uuid\d
ist-node\index.js:1
    export { default as MAX } from './max.js';
    ^^^^^^

    SyntaxError: Unexpected token 'export'

    [0m [90m  9 |[39m         [36mprivate[39m 
lineRepo[33m:[39m 
[33mIPurchaseLineRepository[39m[33m,[39m
     [90m 10 |[39m         [36mprivate[39m 
templateRepo[33m:[39m 
[33mITemplateRepository[39m[33m,[39m
    [31m[1m>[22m[39m[90m 11 |[39m         
[36mprivate[39m templateItemRepo[33m:[39m 
[33mITemplateItemRepository[39m[33m,[39m
     [90m    |[39m               [31m[1m^[22m[39m
     [90m 12 |[39m         [36mprivate[39m 
genericItemRepo[33m:[39m 
[33mIGenericItemRepository[39m[33m,[39m
     [90m 13 |[39m         [36mprivate[39m 
observationRepo[33m:[39m 
[33mIPriceObservationRepository[39m[33m,[39m
     [90m 14 |[39m         [36mprivate[39m 
brandProductRepo[33m:[39m 
[33mIBrandProductRepository[39m [90m// Added for 
recommendation logic[39m[0m

      at Runtime.createScriptFromCode 
(node_modules/jest-runtime/build/index.js:1318:40)
      at Object.<anonymous> 
(src/application/services/purchase-service.ts:11:15)
      at Object.<anonymous> (src/application/services/__t
ests__/purchase-price-history.test.ts:5:26)

Test Suites: 1 failed, 1 total
Tests:       0 total
Snapshots:   0 total
Time:        1.21 s
Ran all test suites matching src/application/services/__t
ests__/purchase-price-history.test.ts.
