.next/dev/types/validator.ts(42,39): error TS2306: File 'D:/Dev/Antigravity/web-kyber-life/src/app/auth/forgot-password/page.tsx' is not a module.
.next/dev/types/validator.ts(69,39): error TS2306: File 'D:/Dev/Antigravity/web-kyber-life/src/app/auth/reset-password/page.tsx' is not a module.
src/__tests__/analytics-service.test.ts(14,54): error TS2345: Argument of type 'InMemoryPriceObservationRepository' is not assignable to parameter of type 'IPurchaseLineRepository'.
  Type 'InMemoryPriceObservationRepository' is missing the following properties from type 'IPurchaseLineRepository': createMany, findByPurchaseId, deleteByPurchaseId
src/__tests__/global-price-feature.test.ts(34,27): error TS2554: Expected 7 arguments, but got 6.
src/__tests__/global-price.test.ts(34,27): error TS2554: Expected 7 arguments, but got 6.
src/__tests__/product-service.test.ts(14,19): error TS2554: Expected 3 arguments, but got 2.
src/__tests__/purchase-checklist.test.tsx(52,17): error TS2322: Type '{ purchase: Purchase; initialLines: PurchaseLine[]; brandOptionsMap: { g1: never[]; }; units: Unit[]; itemNamesMap: { g1: string; }; }' is not assignable to type 'IntrinsicAttributes & { purchase: Purchase; initialLines: PurchaseLine[]; brandOptionsMap: Record<string, BrandProduct[]>; units: Unit[]; genericItemsMap: Record<...>; categories: Category[]; }'.
  Property 'itemNamesMap' does not exist on type 'IntrinsicAttributes & { purchase: Purchase; initialLines: PurchaseLine[]; brandOptionsMap: Record<string, BrandProduct[]>; units: Unit[]; genericItemsMap: Record<...>; categories: Category[]; }'.
src/__tests__/purchase-checklist.test.tsx(55,47): error TS2339: Property 'toBeInTheDocument' does not exist on type 'JestMatchers<HTMLElement>'.
src/__tests__/purchase-checklist.test.tsx(56,52): error TS2339: Property 'toBeInTheDocument' does not exist on type 'JestMatchers<HTMLElement>'.
src/__tests__/purchase-checklist.test.tsx(57,44): error TS2339: Property 'toBeInTheDocument' does not exist on type 'JestMatchers<HTMLElement>'.
src/__tests__/purchase-checklist.test.tsx(67,17): error TS2322: Type '{ purchase: Purchase; initialLines: PurchaseLine[]; brandOptionsMap: { g1: never[]; }; units: Unit[]; itemNamesMap: { g1: string; }; }' is not assignable to type 'IntrinsicAttributes & { purchase: Purchase; initialLines: PurchaseLine[]; brandOptionsMap: Record<string, BrandProduct[]>; units: Unit[]; genericItemsMap: Record<...>; categories: Category[]; }'.
  Property 'itemNamesMap' does not exist on type 'IntrinsicAttributes & { purchase: Purchase; initialLines: PurchaseLine[]; brandOptionsMap: Record<string, BrandProduct[]>; units: Unit[]; genericItemsMap: Record<...>; categories: Category[]; }'.
src/app/actions/product.ts(50,13): error TS2345: Argument of type 'string | null | undefined' is not assignable to parameter of type 'string | undefined'.
  Type 'null' is not assignable to type 'string | undefined'.
src/app/actions/product.ts(223,13): error TS2345: Argument of type 'number | null | undefined' is not assignable to parameter of type 'number | null'.
  Type 'undefined' is not assignable to type 'number | null'.
src/app/market/items/[id]/page.tsx(143,43): error TS2322: Type '() => Promise<{ success: boolean; message: string; error?: undefined; } | { error: any; success?: undefined; message?: undefined; }>' is not assignable to type 'string | ((formData: FormData) => void | Promise<void>) | undefined'.
  Type '() => Promise<{ success: boolean; message: string; error?: undefined; } | { error: any; success?: undefined; message?: undefined; }>' is not assignable to type '(formData: FormData) => void | Promise<void>'.
    Type 'Promise<{ success: boolean; message: string; error?: undefined; } | { error: any; success?: undefined; message?: undefined; }>' is not assignable to type 'void | Promise<void>'.
      Type 'Promise<{ success: boolean; message: string; error?: undefined; } | { error: any; success?: undefined; message?: undefined; }>' is not assignable to type 'Promise<void>'.
        Type '{ success: boolean; message: string; error?: undefined; } | { error: any; success?: undefined; message?: undefined; }' is not assignable to type 'void'.
          Type '{ success: boolean; message: string; error?: undefined; }' is not assignable to type 'void'.
src/app/market/purchases/new/page.tsx(26,27): error TS2322: Type '(formData: FormData) => Promise<{ error: any; }>' is not assignable to type 'string | ((formData: FormData) => void | Promise<void>) | undefined'.
  Type '(formData: FormData) => Promise<{ error: any; }>' is not assignable to type '(formData: FormData) => void | Promise<void>'.
    Type 'Promise<{ error: any; }>' is not assignable to type 'void | Promise<void>'.
      Type 'Promise<{ error: any; }>' is not assignable to type 'Promise<void>'.
        Type '{ error: any; }' is not assignable to type 'void'.
src/application/services/product-service.alias.test.ts(25,19): error TS2554: Expected 3 arguments, but got 2.
src/application/services/product-service.test.ts(28,19): error TS2554: Expected 3 arguments, but got 2.
